ASxxxx Linker V03.00 + NoICE + sdld,  page 1.
Hexadecimal  [32-Bits]

Area                                    Addr        Size        Decimal Bytes (Attributes)
--------------------------------        ----        ----        ------- ----- ------------
.  .ABS.                            00000000    00000000 =           0. bytes (ABS,CON)

      Value  Global                              Global Defined In Module
      -----  --------------------------------   ------------------------
     00000000  .__.ABS.                           
     00000000  _rRAMG                             
     00000000  l__BASE                         
     00000000  l__BSS                          
     00000000  l__CABS                         
     00000000  l__CODE_0                       
     00000000  l__DABS                         
     00000000  l__HEADER                       
     00000000  l__HEADER_LCD                   
     00000000  l__HEADER_SIO                   
     00000000  l__HEADER_TIMER                 
     00000000  l__HEAP                         
     00000000  l__HRAM                         
     00000000  l__LIT                          
     00000000  s__CABS                         
     00000000  s__DABS                         
     00000000  s__HEADER                       
     00000000  s__HEADER0                      
     00000000  s__HEADER1                      
     00000000  s__HEADER10                     
     00000000  s__HEADER11                     
     00000000  s__HEADER2                      
     00000000  s__HEADER3                      
     00000000  s__HEADER4                      
     00000000  s__HEADER5                      
     00000000  s__HEADER6                      
     00000000  s__HEADER7                      
     00000000  s__HEADER8                      
     00000000  s__HEADER9                      
     00000000  s__HEADER_LCD                   
     00000000  s__HEADER_LCD0                  
     00000000  s__HEADER_SIO                   
     00000000  s__HEADER_SIO0                  
     00000000  s__HEADER_TIMER                 
     00000000  s__HEADER_TIMER0                
     00000000  s__HEADERa                      
     00000000  s__HEADERb                      
     00000000  s__HEADERc                      
     00000000  s__HEADERd                      
     00000000  s__HEADERe                      
     00000000  s__HEADERf                      
     00000000  s__HRAM                         
     00000000  s__HRAM12                       
     00000001  b_activate_actor                   actor
     00000001  b_activate_actors_in_col           actor
     00000001  b_activate_actors_in_row           actor
     00000001  b_actor_at_tile                    actor
     00000001  b_actor_get_frame_offset           actor
     00000001  b_actor_in_front_of_player         actor
     00000001  b_actor_overlapping_bb             actor
ASxxxx Linker V03.00 + NoICE + sdld,  page 2.
Hexadecimal  [32-Bits]

Area                                    Addr        Size        Decimal Bytes (Attributes)
--------------------------------        ----        ----        ------- ----- ------------
.  .ABS.                            00000000    00000000 =           0. bytes (ABS,CON)

      Value  Global                              Global Defined In Module
      -----  --------------------------------   ------------------------
     00000001  b_actor_overlapping_player         actor
     00000001  b_actor_set_anim_idle              actor
     00000001  b_actor_set_anim_moving            actor
     00000001  b_actor_set_dir                    actor
     00000001  b_actor_set_frame_offset           actor
     00000001  b_actor_set_frames                 actor
     00000001  b_actors_handle_player_collision   actor
     00000001  b_actors_init                      actor
     00000001  b_camera_init                      camera
     00000001  b_camera_reset                     camera
     00000001  b_check_collision_in_direction     actor
     00000001  b_deactivate_actor                 actor
     00000001  b_parallax_init                    parallax
     00000001  b_player_init                      actor
     00000001  b_remove_LCD_ISRs                  interrupts
     00000001  b_scroll_init                      scroll
     00000001  b_scroll_repaint                   scroll
     00000001  b_scroll_reset                     scroll
     00000001  b_scroll_update                    scroll
     00000001  b_ui_draw_frame                    ui
     00000001  b_ui_draw_text_buffer_char         ui
     00000001  b_ui_init                          ui
     00000001  b_ui_load_tiles                    ui
     00000001  b_ui_run_menu                      ui
     00000001  b_ui_run_modal                     ui
     00000001  l__GSFINAL                      
     00000001  l__HEADER0                      
     00000001  l__HEADER11                     
     00000001  l__HEADER9                      
     00000001  l__HEADERa                      
     00000001  l__HEADERb                      
     00000001  l__HEADERd                      
     00000001  l__HEADERe                      
     00000002  b_camera_shake_frames              vm_camera
     00000002  b_itoa_fmt                         vm_ui_a
     00000002  b_script_execute                   vm
     00000002  b_script_runner_init               vm
     00000002  b_script_terminate                 vm
     00000002  b_scroll_rect                      
     00000002  b_vm_actor_activate                vm_actor
     00000002  b_vm_actor_deactivate              vm_actor
     00000002  b_vm_actor_emote                   vm_actor
     00000002  b_vm_actor_get_angle               vm_actor
     00000002  b_vm_actor_get_anim_frame          vm_actor
     00000002  b_vm_actor_get_dir                 vm_actor
     00000002  b_vm_actor_get_pos                 vm_actor
     00000002  b_vm_actor_move_to                 vm_actor
     00000002  b_vm_actor_replace_tile            vm_actor
     00000002  b_vm_actor_set_anim                vm_actor
     00000002  b_vm_actor_set_anim_frame          vm_actor
     00000002  b_vm_actor_set_anim_set            vm_actor
ASxxxx Linker V03.00 + NoICE + sdld,  page 3.
Hexadecimal  [32-Bits]

Area                                    Addr        Size        Decimal Bytes (Attributes)
--------------------------------        ----        ----        ------- ----- ------------
.  .ABS.                            00000000    00000000 =           0. bytes (ABS,CON)

      Value  Global                              Global Defined In Module
      -----  --------------------------------   ------------------------
     00000002  b_vm_actor_set_anim_tick           vm_actor
     00000002  b_vm_actor_set_bounds              vm_actor
     00000002  b_vm_actor_set_coll_enabled        vm_actor
     00000002  b_vm_actor_set_dir                 vm_actor
     00000002  b_vm_actor_set_hidden              vm_actor
     00000002  b_vm_actor_set_move_speed          vm_actor
     00000002  b_vm_actor_set_pos                 vm_actor
     00000002  b_vm_actor_set_spritesheet         vm_actor
     00000002  b_vm_actor_set_spritesheet_by_re   vm_actor
     00000002  b_vm_actor_terminate_update        vm_actor
     00000002  b_vm_call                          vm
     00000002  b_vm_call_far                      vm
     00000002  b_vm_call_rel                      vm
     00000002  b_vm_camera_move_to                vm_camera
     00000002  b_vm_camera_set_pos                vm_camera
     00000002  b_vm_choice                        vm_ui
     00000002  b_vm_context_prepare               vm_gameboy
     00000002  b_vm_cos_scale                     vm_math
     00000002  b_vm_display_text                  vm_ui
     00000002  b_vm_fade_in                       vm_gameboy
     00000002  b_vm_fade_out                      vm_gameboy
     00000002  b_vm_get_indirect                  vm
     00000002  b_vm_get_int16                     vm
     00000002  b_vm_get_int8                      vm
     00000002  b_vm_get_tile_xy                   vm_gameboy
     00000002  b_vm_get_tlocal                    vm
     00000002  b_vm_get_uint8                     vm
     00000002  b_vm_hide_sprites                  vm_gameboy
     00000002  b_vm_idle                          vm
     00000002  b_vm_if                            vm
     00000002  b_vm_if_const                      vm
     00000002  b_vm_input_attach                  vm_gameboy
     00000002  b_vm_input_detach                  vm_gameboy
     00000002  b_vm_input_get                     vm_gameboy
     00000002  b_vm_input_wait                    vm_gameboy
     00000002  b_vm_invoke                        vm
     00000002  b_vm_join                          vm
     00000002  b_vm_jump                          vm
     00000002  b_vm_jump_rel                      vm
     00000002  b_vm_load_cursor                   vm_ui
     00000002  b_vm_load_frame                    vm_ui
     00000002  b_vm_load_palette                  vm_palette
     00000002  b_vm_lock                          vm
     00000002  b_vm_loop                          vm
     00000002  b_vm_loop_rel                      vm
     00000002  b_vm_memcpy                        vm
     00000002  b_vm_memset                        vm
     00000002  b_vm_music_mute                    vm_music
     00000002  b_vm_music_play                    vm_music
     00000002  b_vm_music_routine                 vm_music
     00000002  b_vm_music_setpos                  vm_music
ASxxxx Linker V03.00 + NoICE + sdld,  page 4.
Hexadecimal  [32-Bits]

Area                                    Addr        Size        Decimal Bytes (Attributes)
--------------------------------        ----        ----        ------- ----- ------------
.  .ABS.                            00000000    00000000 =           0. bytes (ABS,CON)

      Value  Global                              Global Defined In Module
      -----  --------------------------------   ------------------------
     00000002  b_vm_music_stop                    vm_music
     00000002  b_vm_overlay_clear                 vm_ui
     00000002  b_vm_overlay_hide                  vm_ui
     00000002  b_vm_overlay_move_to               vm_ui
     00000002  b_vm_overlay_scroll                vm_ui
     00000002  b_vm_overlay_set_scroll            vm_ui
     00000002  b_vm_overlay_set_submap            vm_ui
     00000002  b_vm_overlay_setpos                vm_ui
     00000002  b_vm_overlay_show                  vm_ui
     00000002  b_vm_overlay_wait                  vm_ui
     00000002  b_vm_poll                          vm_gameboy
     00000002  b_vm_poll_loaded                   vm
     00000002  b_vm_pop                           vm
     00000002  b_vm_projectile_launch             vm_projectiles
     00000002  b_vm_push                          vm
     00000002  b_vm_push_reference                vm
     00000002  b_vm_push_value                    vm
     00000002  b_vm_push_value_ind                vm
     00000002  b_vm_raise                         vm
     00000002  b_vm_rand                          vm
     00000002  b_vm_randomize                     vm
     00000002  b_vm_replace_tile                  vm_gameboy
     00000002  b_vm_replace_tile_xy               vm_gameboy
     00000002  b_vm_reserve                       vm
     00000002  b_vm_ret                           vm
     00000002  b_vm_ret_far                       vm
     00000002  b_vm_rtc_get                       vm_rtc
     00000002  b_vm_rtc_latch                     vm_rtc
     00000002  b_vm_rtc_set                       vm_rtc
     00000002  b_vm_rtc_start                     vm_rtc
     00000002  b_vm_rumble                        vm_gameboy
     00000002  b_vm_save_clear                    vm_load_save
     00000002  b_vm_save_peek                     vm_load_save
     00000002  b_vm_scene_pop                     vm_scene
     00000002  b_vm_scene_pop_all                 vm_scene
     00000002  b_vm_scene_push                    vm_scene
     00000002  b_vm_scene_stack_reset             vm_scene
     00000002  b_vm_set                           vm
     00000002  b_vm_set_const                     vm
     00000002  b_vm_set_const_int16               vm
     00000002  b_vm_set_const_int8                vm
     00000002  b_vm_set_font                      vm_ui
     00000002  b_vm_set_indirect                  vm
     00000002  b_vm_set_int16                     vm
     00000002  b_vm_set_int8                      vm
     00000002  b_vm_set_print_dir                 vm_ui
     00000002  b_vm_set_sprite_mode               vm_gameboy
     00000002  b_vm_set_uint8                     vm
     00000002  b_vm_show_sprites                  vm_gameboy
     00000002  b_vm_sin_scale                     vm_math
     00000002  b_vm_sio_exchange                  vm_sio
ASxxxx Linker V03.00 + NoICE + sdld,  page 5.
Hexadecimal  [32-Bits]

Area                                    Addr        Size        Decimal Bytes (Attributes)
--------------------------------        ----        ----        ------- ----- ------------
.  .ABS.                            00000000    00000000 =           0. bytes (ABS,CON)

      Value  Global                              Global Defined In Module
      -----  --------------------------------   ------------------------
     00000002  b_vm_sio_set_mode                  vm_sio
     00000002  b_vm_sound_mastervol               vm_music
     00000002  b_vm_sound_play                    vm_music
     00000002  b_vm_switch_text_layer             vm_ui
     00000002  b_vm_systime                       vm
     00000002  b_vm_terminate                     vm
     00000002  b_vm_test_terminate                vm
     00000002  b_vm_timer_prepare                 vm_gameboy
     00000002  b_vm_timer_reset                   vm_gameboy
     00000002  b_vm_timer_set                     vm_gameboy
     00000002  b_vm_timer_stop                    vm_gameboy
     00000002  b_vm_unlock                        vm
     00000002  b_vm_wave_play                     vm_music
     00000002  b_wait_frames                      vm
     00000002  l__HEADER5                      
     00000002  l__HEADERc                      
     00000002  l__HEADERf                      
     00000003  b_adventure_init                   adventure
     00000003  b_adventure_update                 adventure
     00000003  b_logo_init                        logo
     00000003  b_logo_update                      logo
     00000003  b_platform_init                    platform
     00000003  b_platform_update                  platform
     00000003  b_pointnclick_init                 pointnclick
     00000003  b_pointnclick_update               pointnclick
     00000003  b_shmup_init                       shmup
     00000003  b_shmup_update                     shmup
     00000003  b_topdown_init                     topdown
     00000003  b_topdown_update                   topdown
     00000003  l__HEADER8                      
     00000003  l__HEADER_LCD0                  
     00000003  l__HRAM12                       
     00000004  b_SIO_init                         sio
     00000004  b_core_reset                       core
     00000004  b_core_run                         core
     00000004  b_data_clear                       load_save
     00000004  b_data_init                        load_save
     00000004  b_data_load                        load_save
     00000004  b_data_peek                        load_save
     00000004  b_data_save                        load_save
     00000004  b_do_load_palette                  data_manager
     00000004  b_events_init                      events
     00000004  b_fade_applypalettechange          fade_manager
     00000004  b_fade_in                          fade_manager
     00000004  b_fade_in_modal                    fade_manager
     00000004  b_fade_init                        fade_manager
     00000004  b_fade_out                         fade_manager
     00000004  b_fade_out_modal                   fade_manager
     00000004  b_fade_setspeed                    fade_manager
     00000004  b_fade_update                      fade_manager
     00000004  b_input_init                       input
ASxxxx Linker V03.00 + NoICE + sdld,  page 6.
Hexadecimal  [32-Bits]

Area                                    Addr        Size        Decimal Bytes (Attributes)
--------------------------------        ----        ----        ------- ----- ------------
.  .ABS.                            00000000    00000000 =           0. bytes (ABS,CON)

      Value  Global                              Global Defined In Module
      -----  --------------------------------   ------------------------
     00000004  b_load_background                  data_manager
     00000004  b_load_bkg_tileset                 data_manager
     00000004  b_load_bounds                      data_manager
     00000004  b_load_emote                       data_manager
     00000004  b_load_init                        data_manager
     00000004  b_load_player                      data_manager
     00000004  b_load_scene                       data_manager
     00000004  b_load_sprite                      data_manager
     00000004  b_music_events_poll                music_manager
     00000004  b_music_init                       music_manager
     00000004  b_music_stop                       music_manager
     00000004  b_palette_init                     palette
     00000004  b_projectile_launch                projectiles
     00000004  b_projectiles_init                 projectiles
     00000004  b_restore_sram                     flasher
     00000004  b_restore_sram_bank                flasher
     00000004  b_save_sram                        flasher
     00000004  b_set_sample                       sample_player
     00000004  b_set_sgb_border                   sgb_border
     00000004  b_sound_init                       music_manager
     00000004  b_sound_play                       music_manager
     00000004  b_timers_init                      events
     00000004  b_trigger_activate_at              trigger
     00000004  b_trigger_activate_at_intersecti   trigger
     00000004  b_trigger_at_intersection          trigger
     00000004  b_trigger_at_tile                  trigger
     00000004  b_trigger_interact                 trigger
     00000004  b_trigger_reset                    trigger
     00000004  b_wave_play                        music_manager
     00000004  l__HEADER_SIO0                  
     00000004  l__HEADER_TIMER0                
     00000005  ___bank_font_0                     font_0
     00000005  ___bank_music_track_1__Data        music_track_1__Data
     00000005  ___bank_music_track_3__Data        music_track_3__Data
     00000005  ___bank_scene_1_collisions         scene_1_collisions
     00000005  ___bank_scene_2_sprites            scene_2_sprites
     00000005  ___bank_script_s1a1_interact       
     00000005  ___bank_tileset_2                  tileset_2
     00000005  l__HEADER1                      
     00000006  ___bank_music_track_2__Data        music_track_2__Data
     00000006  ___bank_palette_0                  palette_0
     00000006  ___bank_palette_1                  palette_1
     00000006  ___bank_scene_0_collisions         scene_0_collisions
     00000006  ___bank_scene_1_actors             scene_1_actors
     00000006  ___bank_scene_2_collisions         scene_2_collisions
     00000006  ___bank_tilemap_1                  tilemap_1
     00000006  ___bank_tilemap_3                  tilemap_3
     00000006  ___bank_tileset_3                  tileset_3
     00000006  ___bank_tileset_5                  tileset_5
     00000006  l__HEADER7                      
     00000007  ___bank_avatar_font_0              avatar_font_0
ASxxxx Linker V03.00 + NoICE + sdld,  page 7.
Hexadecimal  [32-Bits]

Area                                    Addr        Size        Decimal Bytes (Attributes)
--------------------------------        ----        ----        ------- ----- ------------
.  .ABS.                            00000000    00000000 =           0. bytes (ABS,CON)

      Value  Global                              Global Defined In Module
      -----  --------------------------------   ------------------------
     00000007  ___bank_cursor_image               cursor_image
     00000007  ___bank_emote_0                    emote_0
     00000007  ___bank_emote_1                    emote_1
     00000007  ___bank_frame_image                frame_image
     00000007  ___bank_music_track_0__Data        music_track_0__Data
     00000007  ___bank_scene_0                    scene_0
     00000007  ___bank_scene_2_actors             scene_2_actors
     00000007  ___bank_scene_3_collisions         scene_3_collisions
     00000007  ___bank_scene_4_collisions         scene_4_collisions
     00000007  ___bank_scene_5_collisions         scene_5_collisions
     00000007  ___bank_script_engine_init         
     00000007  ___bank_script_s0_init             
     00000007  ___bank_script_s1_init             
     00000007  ___bank_script_s1a0_interact       
     00000007  ___bank_script_s1t0_interact       
     00000007  ___bank_script_s1t3_interact       
     00000007  ___bank_script_s1t4_interact       
     00000007  ___bank_script_s2a0_interact       
     00000007  ___bank_script_s2a2_interact       
     00000007  ___bank_script_s2a3_interact       
     00000007  ___bank_script_s3_init             
     00000007  ___bank_script_s4_init             
     00000007  ___bank_script_s5_init             
     00000007  ___bank_spritesheet_0              spritesheet_0
     00000007  ___bank_spritesheet_1              spritesheet_1
     00000007  ___bank_spritesheet_2              spritesheet_2
     00000007  ___bank_spritesheet_3              spritesheet_3
     00000007  ___bank_spritesheet_4              spritesheet_4
     00000007  ___bank_spritesheet_7              spritesheet_7
     00000007  ___bank_tilemap_0                  tilemap_0
     00000007  ___bank_tilemap_2                  tilemap_2
     00000007  ___bank_tilemap_4                  tilemap_4
     00000007  ___bank_tileset_0                  tileset_0
     00000007  ___bank_tileset_1                  tileset_1
     00000007  ___bank_tileset_10                 tileset_10
     00000007  ___bank_tileset_11                 tileset_11
     00000007  ___bank_tileset_12                 tileset_12
     00000007  ___bank_tileset_4                  tileset_4
     00000007  ___bank_tileset_6                  tileset_6
     00000007  ___bank_tileset_7                  tileset_7
     00000007  ___bank_tileset_8                  tileset_8
     00000007  ___bank_tileset_9                  tileset_9
     00000007  l__HEADER2                      
     00000008  ___bank_background_0               background_0
     00000008  ___bank_background_1               background_1
     00000008  ___bank_background_2               background_2
     00000008  ___bank_background_3               background_3
     00000008  ___bank_background_4               background_4
     00000008  ___bank_bootstrap_script           
     00000008  ___bank_scene_1                    scene_1
     00000008  ___bank_scene_1_sprites            scene_1_sprites
ASxxxx Linker V03.00 + NoICE + sdld,  page 8.
Hexadecimal  [32-Bits]

Area                                    Addr        Size        Decimal Bytes (Attributes)
--------------------------------        ----        ----        ------- ----- ------------
.  .ABS.                            00000000    00000000 =           0. bytes (ABS,CON)

      Value  Global                              Global Defined In Module
      -----  --------------------------------   ------------------------
     00000008  ___bank_scene_1_triggers           scene_1_triggers
     00000008  ___bank_scene_2                    scene_2
     00000008  ___bank_scene_2_triggers           scene_2_triggers
     00000008  ___bank_scene_3                    scene_3
     00000008  ___bank_scene_4                    scene_4
     00000008  ___bank_scene_5                    scene_5
     00000008  ___bank_scene_5_actors             scene_5_actors
     00000008  ___bank_scene_5_sprites            scene_5_sprites
     00000008  ___bank_script_s1t1_interact       
     00000008  ___bank_script_s1t2_interact       
     00000008  ___bank_script_s2_init             
     00000008  ___bank_script_s2a1_interact       
     00000008  ___bank_script_s2t0_interact       
     00000008  ___bank_script_s2t1_interact       
     00000008  ___bank_spritesheet_5              spritesheet_5
     00000008  ___bank_spritesheet_6              spritesheet_6
     00000008  ___bank_spritesheet_none           spritesheet_none
     00000008  l__HEADER3                      
     0000000C  __start_save                    
     0000000E  l__INITIALIZED                  
     0000000E  l__INITIALIZER                  
     00000030  l__HEADER6                      
     00000033  l__GSINIT                       
     0000004E  l__HEADER4                      
     00000082  l__HEADER10                     
     00000200  s__CODE                         
     00000369  l__CODE_8                       
     0000064F  l__CODE                         
     0000084F  s__HOME                         
     000018F7  l__DATA                         
     00002000  _rROMB0                            
     00002385  l__CODE_4                       
     000025FC  l__HOME                         
     00002B73  l__CODE_3                       
     00002E4B  s__BASE                         
     00002E4B  s__CODE_0                       
     00002E4B  s__INITIALIZER                  
     00002E4B  s__LIT                          
     00002E59  s__GSINIT                       
     00002E8C  s__GSFINAL                      
     00002FA1  l__CODE_1                       
     00003000  _rROMB1                            
     00003945  l__CODE_2                       
     00003FFE  l__CODE_6                       
     00003FFF  l__CODE_5                       
     00003FFF  l__CODE_7                       
     00004000  _RTC_SELECT_REG                    vm_rtc
     00004000  _rRAMB                             
     00006000  _RTC_LATCH_REG                     vm_rtc
     00008000  __VRAM                             
     00008000  __VRAM8000                         
ASxxxx Linker V03.00 + NoICE + sdld,  page 9.
Hexadecimal  [32-Bits]

Area                                    Addr        Size        Decimal Bytes (Attributes)
--------------------------------        ----        ----        ------- ----- ------------
.  .ABS.                            00000000    00000000 =           0. bytes (ABS,CON)

      Value  Global                              Global Defined In Module
      -----  --------------------------------   ------------------------
     00008800  __VRAM8800                         
     00009000  __VRAM9000                         
     00009800  __SCRN0                            
     00009C00  __SCRN1                            
     0000A000  _RTC_VALUE_REG                     vm_rtc
     0000A000  __SRAM                             
     0000C000  __RAM                              
     0000C000  _shadow_OAM                     
     0000C0A0  s__DATA                         
     0000D000  __RAMBANK                          
     0000D997  s__BSS                          
     0000D997  s__INITIALIZED                  
     0000D9A5  s__HEAP                         
     0000DF00  .STACK                          
     0000DF00  _shadow_OAM2                       absolute
     0000DFA0  _BkgPalette                        absolute
     0000DFE0  _vwf_tile_data                     absolute
     0000FE00  __OAMRAM                           
     0000FF00  _P1_REG                            
     0000FF00  __IO                               
     0000FF01  _SB_REG                            
     0000FF02  _SC_REG                            
     0000FF04  _DIV_REG                           
     0000FF05  _TIMA_REG                          
     0000FF06  _TMA_REG                           
     0000FF07  _TAC_REG                           
     0000FF0F  _IF_REG                            
     0000FF10  _NR10_REG                          
     0000FF11  _NR11_REG                          
     0000FF12  _NR12_REG                          
     0000FF13  _NR13_REG                          
     0000FF14  _NR14_REG                          
     0000FF16  _NR21_REG                          
     0000FF17  _NR22_REG                          
     0000FF18  _NR23_REG                          
     0000FF19  _NR24_REG                          
     0000FF1A  _NR30_REG                          
     0000FF1B  _NR31_REG                          
     0000FF1C  _NR32_REG                          
     0000FF1D  _NR33_REG                          
     0000FF1E  _NR34_REG                          
     0000FF20  _NR41_REG                          
     0000FF21  _NR42_REG                          
     0000FF22  _NR43_REG                          
     0000FF23  _NR44_REG                          
     0000FF24  _NR50_REG                          
     0000FF25  _NR51_REG                          
     0000FF26  _NR52_REG                          
     0000FF30  _PCM_SAMPLE                        
     0000FF30  __AUD3WAVERAM                      
     0000FF40  _LCDC_REG                          
ASxxxx Linker V03.00 + NoICE + sdld,  page 10.
Hexadecimal  [32-Bits]

Area                                    Addr        Size        Decimal Bytes (Attributes)
--------------------------------        ----        ----        ------- ----- ------------
.  .ABS.                            00000000    00000000 =           0. bytes (ABS,CON)

      Value  Global                              Global Defined In Module
      -----  --------------------------------   ------------------------
     0000FF41  _STAT_REG                          
     0000FF42  _SCY_REG                           
     0000FF43  _SCX_REG                           
     0000FF44  _LY_REG                            
     0000FF45  _LYC_REG                           
     0000FF46  _DMA_REG                           
     0000FF47  _BGP_REG                           
     0000FF48  _OBP0_REG                          
     0000FF49  _OBP1_REG                          
     0000FF4A  _WY_REG                            
     0000FF4B  _WX_REG                            
     0000FF4D  _KEY1_REG                          
     0000FF4F  _VBK_REG                           
     0000FF51  _HDMA1_REG                         
     0000FF52  _HDMA2_REG                         
     0000FF53  _HDMA3_REG                         
     0000FF54  _HDMA4_REG                         
     0000FF55  _HDMA5_REG                         
     0000FF56  _RP_REG                            
     0000FF68  _BCPS_REG                          
     0000FF69  _BCPD_REG                          
     0000FF6A  _OCPS_REG                          
     0000FF6B  _OCPD_REG                          
     0000FF70  _SVBK_REG                          
     0000FF76  _PCM12_REG                         
     0000FF77  _PCM34_REG                         
     0000FF80  .refresh_OAM                    
     0000FF80  __HRAM                             
     0000FFFF  _IE_REG                            
     00014000  s__CODE_1                       
     00024000  s__CODE_2                       
     00034000  s__CODE_3                       
     00044000  s__CODE_4                       
     00054000  s__CODE_5                       
     00064000  s__CODE_6                       
     00074000  s__CODE_7                       
     00084000  s__CODE_8                       
ASxxxx Linker V03.00 + NoICE + sdld,  page 11.
Hexadecimal  [32-Bits]

Area                                    Addr        Size        Decimal Bytes (Attributes)
--------------------------------        ----        ----        ------- ----- ------------
_CODE                               00000200    0000064F =        1615. bytes (REL,CON)

      Value  Global                              Global Defined In Module
      -----  --------------------------------   ------------------------
     00000200  _SIO_send_byte                     
     00000213  _SIO_receive                       
     00000224  _hide_hardware_sprites             OAM_utils
     00000250  _SetTile                           
     0000025F  _set_win_tile_xy                   
     00000264  _set_bkg_tile_xy                   
     00000287  _GetWinAddr                        
     0000028F  _GetBkgAddr                        
     0000029D  _state_init                        
     000002A2  _state_update                      
     000002C4  _ui_time_masks                     
     000002CC  _ui_print_shift_char               
     0000034F  _ui_draw_frame_row                 
     00000358  .ui_draw_frame_row                 
     00000381  _script_cmds                       vm_instructions
     0000051F  _start_scene_x                     
     00000521  _start_scene_y                     
     00000523  _start_scene_dir                   
     00000524  _start_scene                       
     00000527  _start_player_move_speed           
     00000528  _start_player_anim_tick            
     00000529  _ui_fonts                          
     0000052F  _core_reset_hook                   main
     00000537  _main                              main
     0000053F  _state_start_fns                   
     00000551  _state_update_fns                  
     00000580  gbt_get_pattern_ptr_banked         
     0000059F  _gbt_play                          
     0000065A  _gbt_pause                         
     0000066B  _gbt_loop                          
     00000672  _gbt_stop                          
     0000067D  _gbt_enable_channels               
     00000684  _gbt_update                        
     00000789  .sgb_check                         
     00000789  _sgb_check                         
     000007D1  _sgb_transfer                      
     000007D6  .sgb_transfer                      
     00000817  ___move_metasprite                 Metasprites

ASxxxx Linker V03.00 + NoICE + sdld,  page 12.
Hexadecimal  [32-Bits]

Area                                    Addr        Size        Decimal Bytes (Attributes)
--------------------------------        ----        ----        ------- ----- ------------
_HEADER0                            00000000    00000001 =           1. bytes (ABS,CON)

      Value  Global                              Global Defined In Module
      -----  --------------------------------   ------------------------
     00000020  .call_hl                           Runtime

ASxxxx Linker V03.00 + NoICE + sdld,  page 13.
Hexadecimal  [32-Bits]

Area                                    Addr        Size        Decimal Bytes (Attributes)
--------------------------------        ----        ----        ------- ----- ------------
_HEADER1                            00000000    00000005 =           5. bytes (ABS,CON)

      Value  Global                              Global Defined In Module
      -----  --------------------------------   ------------------------
     00000028  .MemsetSmall                       Runtime

ASxxxx Linker V03.00 + NoICE + sdld,  page 14.
Hexadecimal  [32-Bits]

Area                                    Addr        Size        Decimal Bytes (Attributes)
--------------------------------        ----        ----        ------- ----- ------------
_HEADER2                            00000000    00000007 =           7. bytes (ABS,CON)

      Value  Global                              Global Defined In Module
      -----  --------------------------------   ------------------------
     00000030  .MemcpySmall                       Runtime

ASxxxx Linker V03.00 + NoICE + sdld,  page 15.
Hexadecimal  [32-Bits]

Area                                    Addr        Size        Decimal Bytes (Attributes)
--------------------------------        ----        ----        ------- ----- ------------
_HEADER3                            00000000    00000008 =           8. bytes (ABS,CON)

      Value  Global                              Global Defined In Module
      -----  --------------------------------   ------------------------
ASxxxx Linker V03.00 + NoICE + sdld,  page 16.
Hexadecimal  [32-Bits]

Area                                    Addr        Size        Decimal Bytes (Attributes)
--------------------------------        ----        ----        ------- ----- ------------
_HEADER4                            00000000    0000004E =          78. bytes (ABS,CON)

      Value  Global                              Global Defined In Module
      -----  --------------------------------   ------------------------
     00000080  .int                               Runtime
     0000008F  _wait_int_handler                  Runtime
     0000009C  __standard_VBL_handler             Runtime
     000000AC  _refresh_OAM                       Runtime

ASxxxx Linker V03.00 + NoICE + sdld,  page 17.
Hexadecimal  [32-Bits]

Area                                    Addr        Size        Decimal Bytes (Attributes)
--------------------------------        ----        ----        ------- ----- ------------
_HEADER5                            00000000    00000002 =           2. bytes (ABS,CON)

      Value  Global                              Global Defined In Module
      -----  --------------------------------   ------------------------
ASxxxx Linker V03.00 + NoICE + sdld,  page 18.
Hexadecimal  [32-Bits]

Area                                    Addr        Size        Decimal Bytes (Attributes)
--------------------------------        ----        ----        ------- ----- ------------
_HEADER6                            00000000    00000030 =          48. bytes (ABS,CON)

      Value  Global                              Global Defined In Module
      -----  --------------------------------   ------------------------
ASxxxx Linker V03.00 + NoICE + sdld,  page 19.
Hexadecimal  [32-Bits]

Area                                    Addr        Size        Decimal Bytes (Attributes)
--------------------------------        ----        ----        ------- ----- ------------
_HEADER7                            00000000    00000006 =           6. bytes (ABS,CON)

      Value  Global                              Global Defined In Module
      -----  --------------------------------   ------------------------
ASxxxx Linker V03.00 + NoICE + sdld,  page 20.
Hexadecimal  [32-Bits]

Area                                    Addr        Size        Decimal Bytes (Attributes)
--------------------------------        ----        ----        ------- ----- ------------
_HEADER8                            00000000    00000003 =           3. bytes (ABS,CON)

      Value  Global                              Global Defined In Module
      -----  --------------------------------   ------------------------
ASxxxx Linker V03.00 + NoICE + sdld,  page 21.
Hexadecimal  [32-Bits]

Area                                    Addr        Size        Decimal Bytes (Attributes)
--------------------------------        ----        ----        ------- ----- ------------
_HEADER9                            00000000    00000001 =           1. bytes (ABS,CON)

      Value  Global                              Global Defined In Module
      -----  --------------------------------   ------------------------
ASxxxx Linker V03.00 + NoICE + sdld,  page 22.
Hexadecimal  [32-Bits]

Area                                    Addr        Size        Decimal Bytes (Attributes)
--------------------------------        ----        ----        ------- ----- ------------
_HEADERa                            00000000    00000001 =           1. bytes (ABS,CON)

      Value  Global                              Global Defined In Module
      -----  --------------------------------   ------------------------
ASxxxx Linker V03.00 + NoICE + sdld,  page 23.
Hexadecimal  [32-Bits]

Area                                    Addr        Size        Decimal Bytes (Attributes)
--------------------------------        ----        ----        ------- ----- ------------
_HEADERb                            00000000    00000001 =           1. bytes (ABS,CON)

      Value  Global                              Global Defined In Module
      -----  --------------------------------   ------------------------
ASxxxx Linker V03.00 + NoICE + sdld,  page 24.
Hexadecimal  [32-Bits]

Area                                    Addr        Size        Decimal Bytes (Attributes)
--------------------------------        ----        ----        ------- ----- ------------
_HEADERc                            00000000    00000002 =           2. bytes (ABS,CON)

      Value  Global                              Global Defined In Module
      -----  --------------------------------   ------------------------
ASxxxx Linker V03.00 + NoICE + sdld,  page 25.
Hexadecimal  [32-Bits]

Area                                    Addr        Size        Decimal Bytes (Attributes)
--------------------------------        ----        ----        ------- ----- ------------
_HEADERd                            00000000    00000001 =           1. bytes (ABS,CON)

      Value  Global                              Global Defined In Module
      -----  --------------------------------   ------------------------
ASxxxx Linker V03.00 + NoICE + sdld,  page 26.
Hexadecimal  [32-Bits]

Area                                    Addr        Size        Decimal Bytes (Attributes)
--------------------------------        ----        ----        ------- ----- ------------
_HEADERe                            00000000    00000001 =           1. bytes (ABS,CON)

      Value  Global                              Global Defined In Module
      -----  --------------------------------   ------------------------
ASxxxx Linker V03.00 + NoICE + sdld,  page 27.
Hexadecimal  [32-Bits]

Area                                    Addr        Size        Decimal Bytes (Attributes)
--------------------------------        ----        ----        ------- ----- ------------
_HEADERf                            00000000    00000002 =           2. bytes (ABS,CON)

      Value  Global                              Global Defined In Module
      -----  --------------------------------   ------------------------
ASxxxx Linker V03.00 + NoICE + sdld,  page 28.
Hexadecimal  [32-Bits]

Area                                    Addr        Size        Decimal Bytes (Attributes)
--------------------------------        ----        ----        ------- ----- ------------
_HEADER10                           00000000    00000082 =         130. bytes (ABS,CON)

      Value  Global                              Global Defined In Module
      -----  --------------------------------   ------------------------
     00000150  .reset                             Runtime
     00000150  _reset                             Runtime
     00000157  .code_start                        Runtime
     000001B7  _exit                              Runtime
     000001BB  _set_interrupts                    Runtime

ASxxxx Linker V03.00 + NoICE + sdld,  page 29.
Hexadecimal  [32-Bits]

Area                                    Addr        Size        Decimal Bytes (Attributes)
--------------------------------        ----        ----        ------- ----- ------------
_HEADER11                           00000000    00000001 =           1. bytes (ABS,CON)

      Value  Global                              Global Defined In Module
      -----  --------------------------------   ------------------------
ASxxxx Linker V03.00 + NoICE + sdld,  page 30.
Hexadecimal  [32-Bits]

Area                                    Addr        Size        Decimal Bytes (Attributes)
--------------------------------        ----        ----        ------- ----- ------------
_HOME                               0000084F    000025FC =        9724. bytes (REL,CON)

      Value  Global                              Global Defined In Module
      -----  --------------------------------   ------------------------
     0000084F  .memset_simple                     Runtime
     00000858  .memcpy_simple                     Runtime
     00000875  .remove_VBL                        Runtime
     00000878  .remove_int                        Runtime
     00000895  .add_VBL                           Runtime
     00000898  .add_int                           Runtime
     000008A3  .wait_vbl_done                     Runtime
     000008A3  _wait_vbl_done                     Runtime
     000008B3  .display_off                       Runtime
     000008B3  _display_off                       Runtime
     000008CB  _remove_VBL                        Runtime
     000008D6  _add_VBL                           Runtime
     000008E1  _actors_update                     actor
     00000C4C  _SetBankedBkgData                  bankdata
     00000C68  _SetBankedSpriteData               bankdata
     00000C84  _SetBankedBkgTiles                 bankdata
     00000CA0  _SetBankedWinTiles                 bankdata
     00000CBC  _ReadBankedFarPtr                  bankdata
     00000CE3  _ReadBankedUWORD                   bankdata
     00000CFF  _MemcpyBanked                      bankdata
     00000D1B  _MemcpyVRAMBanked                  bankdata
     00000D37  _camera_update                     camera
     00000E6A  _load_animations                   data_manager
     00000EC9  _events_update                     events
     00000F65  _timers_update                     events
     00000FED  _input_update                      input
     00001016  .sio_ISR                           
     00001070  .timer_ISR                         
     00001085  _simple_LCD_isr                    interrupts
     000010CA  _fullscreen_LCD_isr                interrupts
     000010FB  _VBL_isr                           interrupts
     00001138  _isqrt                             math
     0000118E  _sine_wave                         math
     0000128E  _dir_lookup                        math
     00001296  _dir_angle_lookup                  math
     0000129A  _music_events_update               music_manager
     0000131C  _music_play                        music_manager
     0000138E  _music_mute                        music_manager
     000013A0  _music_update                      music_manager
     000013EF  _sound_stop                        music_manager
     00001420  _parallax_LCD_isr                  parallax
     0000145D  _projectiles_update                projectiles
     000017FF  _projectiles_render                projectiles
     00001970  _sample_play_isr                   sample_player
     000019EF  _scroll_load_pending_row           scroll
     00001A42  _scroll_load_row                   scroll
     00001A87  _scroll_load_col                   scroll
     00001ABB  _scroll_load_pending_col           scroll
     00001B13  _set_bkg_submap                    
     00001B56  _set_xy_win_submap                 
ASxxxx Linker V03.00 + NoICE + sdld,  page 31.
Hexadecimal  [32-Bits]

Area                                    Addr        Size        Decimal Bytes (Attributes)
--------------------------------        ----        ----        ------- ----- ------------
_HOME                               0000084F    000025FC =        9724. bytes (REL,CON)

      Value  Global                              Global Defined In Module
      -----  --------------------------------   ------------------------
     00001B7F  .set_xy_win_submap                 
     00001B88  .set_xy_bkg_submap                 
     00001B97  .set_xy_submap                     
     00001BDD  _on_SIO_receive                    sio
     00001C1E  _SIO_update                        sio
     00001C85  _ui_update                         ui
     00001D45  _vm_sgb_transfer                   vm_sgb
     00001D93  _vm_load_text                      vm_ui
     00001FE8  _vm_beginthread                    vm
     0000210D  _vm_rpn                            vm
     000027D1  _vm_call_native                    vm
     000027DC  _VM_STEP                           vm
     00002846  _script_runner_update              vm
     000029B5  _fill_win_rect                     
     000029C7  _rand                              
     000029C7  _randw                             
     000029F2  _initrand                          
     000029F4  .initrand                          
     000029FD  __mulsuchar                        mul
     00002A07  __muluschar                        mul
     00002A11  __mulschar                         mul
     00002A23  __muluchar                         mul
     00002A2F  __mulint                           mul
     00002A55  _abs                               abs
     00002A64  _set_win_tiles                     
     00002A78  _set_tile_data                     
     00002A7D  _set_bkg_data                      
     00002A7D  _set_win_data                      
     00002A85  _set_sprite_data                   
     00002AB5  _reverse                           reverse
     00002AE9  ___call__banked                    far_ptr
     00002B06  _to_far_ptr                        far_ptr
     00002B3F  _add_LCD                           
     00002B4A  .add_LCD                           
     00002B50  _remove_LCD                        
     00002B5B  .remove_LCD                        
     00002B61  .fill_rect_wtt                     
     00002B6A  .fill_rect_btt                     
     00002BB7  .copy_vram                         
     00002BCB  _get_data                          
     00002BCB  _set_data                          
     00002BCB  _vmemcpy                           
     00002BDE  _fill_bkg_rect                     
     00002BF0  .padup                             
     00002BF0  _waitpadup                         
     00002C00  .jpad                              
     00002C00  _joypad                            
     00002C28  _waitpad                           
     00002C2B  .wait_pad                          
     00002C32  ___sdcc_call_hl                    call_hl
     00002C33  ___memcpy                          memcpy
ASxxxx Linker V03.00 + NoICE + sdld,  page 32.
Hexadecimal  [32-Bits]

Area                                    Addr        Size        Decimal Bytes (Attributes)
--------------------------------        ----        ----        ------- ----- ------------
_HOME                               0000084F    000025FC =        9724. bytes (REL,CON)

      Value  Global                              Global Defined In Module
      -----  --------------------------------   ------------------------
     00002C33  _memcpy                            memcpy
     00002C76  _memset                            memset
     00002CA9  ___sdcc_bcall_ehl                  
     00002CBA  __divsuchar                        div
     00002CC7  __modsuchar                        div
     00002CD1  __divuschar                        div
     00002CE3  __moduschar                        div
     00002CF3  __divschar                         div
     00002CFF  __modschar                         div
     00002D09  __divsint                          div
     00002D1A  __modsint                          div
     00002D29  __divuchar                         div
     00002D35  __moduchar                         div
     00002D3F  __divuint                          div
     00002D50  __moduint                          div
     00002D5F  .div8                              div
     00002D5F  .mod8                              div
     00002D67  .div16                             div
     00002D67  .mod16                             div
     00002D9D  .divu8                             div
     00002D9D  .modu8                             div
     00002DA0  .divu16                            div
     00002DA0  .modu16                            div
     00002DE1  _set_bkg_tiles                     
     00002DF5  .set_xy_wtt                        
     00002DFE  .set_xy_btt                        
     00002E0D  .set_xy_tt                         

ASxxxx Linker V03.00 + NoICE + sdld,  page 33.
Hexadecimal  [32-Bits]

Area                                    Addr        Size        Decimal Bytes (Attributes)
--------------------------------        ----        ----        ------- ----- ------------
_INITIALIZER                        00002E4B    0000000E =          14. bytes (REL,CON)

      Value  Global                              Global Defined In Module
      -----  --------------------------------   ------------------------
ASxxxx Linker V03.00 + NoICE + sdld,  page 34.
Hexadecimal  [32-Bits]

Area                                    Addr        Size        Decimal Bytes (Attributes)
--------------------------------        ----        ----        ------- ----- ------------
_GSINIT                             00002E59    00000033 =          51. bytes (REL,CON)

      Value  Global                              Global Defined In Module
      -----  --------------------------------   ------------------------
     00002E59  gsinit                             Runtime

ASxxxx Linker V03.00 + NoICE + sdld,  page 35.
Hexadecimal  [32-Bits]

Area                                    Addr        Size        Decimal Bytes (Attributes)
--------------------------------        ----        ----        ------- ----- ------------
_GSFINAL                            00002E8C    00000001 =           1. bytes (REL,CON)

      Value  Global                              Global Defined In Module
      -----  --------------------------------   ------------------------
ASxxxx Linker V03.00 + NoICE + sdld,  page 36.
Hexadecimal  [32-Bits]

Area                                    Addr        Size        Decimal Bytes (Attributes)
--------------------------------        ----        ----        ------- ----- ------------
_DATA                               0000C0A0    000018F7 =        6391. bytes (REL,CON)

      Value  Global                              Global Defined In Module
      -----  --------------------------------   ------------------------
     0000C0A0  __cpu                              Runtime
     0000C0A1  __is_GBA                           Runtime
     0000C0A2  .mode                              Runtime
     0000C0A3  .sys_time                          Runtime
     0000C0A3  _sys_time                          Runtime
     0000C0A5  .int_0x40                          Runtime
     0000C0B9  _actors                            actor
     0000C4DD  _actors_active_head                actor
     0000C4DF  _actors_inactive_head              actor
     0000C4E1  _screen_x                          actor
     0000C4E2  _screen_y                          actor
     0000C4E3  _invalid                           actor
     0000C4E5  _player_moving                     actor
     0000C4E6  _player_iframes                    actor
     0000C4E7  _player_collision_actor            actor
     0000C4E9  _emote_actor                       actor
     0000C4EB  _emote_timer                       actor
     0000C4EC  _allocated_hardware_sprites        actor
     0000C4F4  _camera_x                          camera
     0000C4F6  _camera_y                          camera
     0000C4F8  _camera_offset_x                   camera
     0000C4F9  _camera_offset_y                   camera
     0000C4FA  _camera_deadzone_x                 camera
     0000C4FB  _camera_deadzone_y                 camera
     0000C4FC  _camera_settings                   camera
     0000C4FD  _current_scene                     data_manager
     0000C500  _image_bank                        data_manager
     0000C501  _image_ptr                         data_manager
     0000C503  _image_attr_bank                   data_manager
     0000C504  _image_attr_ptr                    data_manager
     0000C506  _collision_bank                    data_manager
     0000C507  _collision_ptr                     data_manager
     0000C509  _image_tile_width                  data_manager
     0000C50A  _image_tile_height                 data_manager
     0000C50B  _image_width                       data_manager
     0000C50D  _image_height                      data_manager
     0000C50F  _sprites_len                       data_manager
     0000C510  _actors_len                        data_manager
     0000C511  _projectiles_len                   data_manager
     0000C512  _player_sprite_len                 data_manager
     0000C513  _scene_type                        data_manager
     0000C514  _scene_LCD_type                    data_manager
     0000C515  _scene_stack                       data_manager
     0000C555  _scene_stack_ptr                   data_manager
     0000C55A  _input_events                      events
     0000C582  _input_slots                       events
     0000C58A  _timer_events                      events
     0000C59E  _timer_values                      events
     0000C5A6  _fade_running                      fade_manager
     0000C5A7  _fade_frames_per_step              fade_manager
ASxxxx Linker V03.00 + NoICE + sdld,  page 37.
Hexadecimal  [32-Bits]

Area                                    Addr        Size        Decimal Bytes (Attributes)
--------------------------------        ----        ----        ------- ----- ------------
_DATA                               0000C0A0    000018F7 =        6391. bytes (REL,CON)

      Value  Global                              Global Defined In Module
      -----  --------------------------------   ------------------------
     0000C5A8  _fade_timer                        fade_manager
     0000C5AB  _joypads                           input
     0000C5B0  _last_joy                          input
     0000C5B1  _recent_joy                        input
     0000C5B2  _SIO_status                        
     0000C5B3  _link_byte_sent                    
     0000C5B4  _link_next_mode                    
     0000C5B5  _save_blob_size                    load_save
     0000C5B7  _current_track                     music_manager
     0000C5B9  _tone_frames                       music_manager
     0000C5BA  _channel_mask                      music_manager
     0000C5BB  _sound_channel                     music_manager
     0000C5BC  _current_track_bank                music_manager
     0000C5BD  _routine_queue                     music_manager
     0000C5C1  _routine_queue_head                music_manager
     0000C5C2  _routine_queue_tail                music_manager
     0000C5C3  _music_events                      music_manager
     0000C5D7  _DMG_palette                       palette
     0000C5DA  _SprPalette                        palette
     0000C61A  _parallax_rows                     parallax
     0000C62C  _parallax_row                      parallax
     0000C62E  _projectiles                       projectiles
     0000C6E2  _projectile_defs                   projectiles
     0000C755  _projectiles_active_head           projectiles
     0000C757  _projectiles_inactive_head         projectiles
     0000C75E  _scroll_x                          scroll
     0000C760  _scroll_y                          scroll
     0000C762  _draw_scroll_x                     scroll
     0000C764  _draw_scroll_y                     scroll
     0000C766  _scroll_x_max                      scroll
     0000C768  _scroll_y_max                      scroll
     0000C76A  _scroll_offset_x                   scroll
     0000C76B  _scroll_offset_y                   scroll
     0000C76C  _pending_h_x                       scroll
     0000C76D  _pending_h_y                       scroll
     0000C76E  _pending_h_i                       scroll
     0000C76F  _pending_w_x                       scroll
     0000C770  _pending_w_y                       scroll
     0000C771  _pending_w_i                       scroll
     0000C772  _current_row                       scroll
     0000C774  _new_row                           scroll
     0000C776  _current_col                       scroll
     0000C778  _new_col                           scroll
     0000C77A  .image_tile_width                  
     0000C77B  _link_operation_mode               sio
     0000C77C  _link_packet                       sio
     0000C79C  _link_packet_len                   sio
     0000C79D  _link_packet_ptr                   sio
     0000C79F  _link_packet_received              sio
     0000C7A0  _link_packet_snd_len               sio
     0000C7A1  _link_packet_snd_ptr               sio
ASxxxx Linker V03.00 + NoICE + sdld,  page 38.
Hexadecimal  [32-Bits]

Area                                    Addr        Size        Decimal Bytes (Attributes)
--------------------------------        ----        ----        ------- ----- ------------
_DATA                               0000C0A0    000018F7 =        6391. bytes (REL,CON)

      Value  Global                              Global Defined In Module
      -----  --------------------------------   ------------------------
     0000C7A3  _link_packet_sent                  sio
     0000C7A4  __is_CGB                           system
     0000C7A5  __is_SGB                           system
     0000C7A6  _triggers                          trigger
     0000C89E  _last_trigger_tx                   trigger
     0000C89F  _last_trigger_ty                   trigger
     0000C8A0  _last_trigger                      trigger
     0000C8A1  _win_pos_x                         ui
     0000C8A2  _win_dest_pos_x                    ui
     0000C8A3  _win_pos_y                         ui
     0000C8A4  _win_dest_pos_y                    ui
     0000C8A5  _win_speed                         ui
     0000C8A6  _text_drawn                        ui
     0000C8A7  _current_text_speed                ui
     0000C8A8  _text_wait                         ui
     0000C8A9  _text_in_speed                     ui
     0000C8AA  _text_out_speed                    ui
     0000C8AB  _text_draw_speed                   ui
     0000C8AC  _text_ff_joypad                    ui
     0000C8AD  _text_ff                           ui
     0000C8AE  _text_bkg_fill                     ui
     0000C8AF  _ui_text_data                      ui
     0000C9B9  _vwf_current_mask                  ui
     0000C9BA  _vwf_current_rotate                ui
     0000C9BB  _vwf_inverse_map                   ui
     0000C9BC  _vwf_direction                     ui
     0000C9BD  _vwf_current_font_desc             ui
     0000C9C5  _vwf_current_font_bank             ui
     0000C9C6  _vwf_current_font_idx              ui
     0000C9C7  _text_render_base_addr             ui
     0000C9C9  _text_scroll_addr                  ui
     0000C9CB  _text_scroll_width                 ui
     0000C9CC  _text_scroll_height                ui
     0000C9CD  _text_scroll_fill                  ui
     0000C9D3  __itoa_fmt_len                     vm_ui_a
     0000C9D4  .itoa_fmt_buf                      vm_ui_a
     0000C9D7  _CTXS                              vm
     0000CB07  _first_ctx                         vm
     0000CB09  _free_ctxs                         vm
     0000CB0B  _vm_lock_state                     vm
     0000CB0C  _vm_loaded_state                   vm
     0000CB0D  _vm_exception_code                 vm
     0000CB0E  _vm_exception_params_length        vm
     0000CB0F  _vm_exception_params_bank          vm
     0000CB10  _vm_exception_params_offset        vm
     0000CB12  _script_memory                     vm
     0000D91A  _grounded                          platform
     0000D91B  _on_ladder                         platform
     0000D91C  _pl_vel_x                          platform
     0000D91E  _pl_vel_y                          platform
     0000D920  _plat_min_vel                      platform
ASxxxx Linker V03.00 + NoICE + sdld,  page 39.
Hexadecimal  [32-Bits]

Area                                    Addr        Size        Decimal Bytes (Attributes)
--------------------------------        ----        ----        ------- ----- ------------
_DATA                               0000C0A0    000018F7 =        6391. bytes (REL,CON)

      Value  Global                              Global Defined In Module
      -----  --------------------------------   ------------------------
     0000D922  _plat_walk_vel                     platform
     0000D924  _plat_climb_vel                    platform
     0000D926  _plat_run_vel                      platform
     0000D928  _plat_walk_acc                     platform
     0000D92A  _plat_run_acc                      platform
     0000D92C  _plat_dec                          platform
     0000D92E  _plat_jump_vel                     platform
     0000D930  _plat_grav                         platform
     0000D932  _plat_hold_grav                    platform
     0000D934  _plat_max_fall_vel                 platform
     0000D936  _shooter_reached_end               shmup
     0000D937  _shooter_dest                      shmup
     0000D939  _shooter_direction                 shmup
     0000D93A  _topdown_grid                      topdown
     0000D93B  gbt_playing                        
     0000D93C  gbt_song                           
     0000D93E  gbt_bank                           
     0000D93F  gbt_speed                          
     0000D940  gbt_temp_play_data                 
     0000D94C  gbt_loop_enabled                   
     0000D94D  gbt_ticks_elapsed                  
     0000D94E  gbt_current_step                   
     0000D94F  gbt_current_pattern                
     0000D950  gbt_current_step_data_ptr          
     0000D952  gbt_channels_enabled               
     0000D953  gbt_pan                            
     0000D957  gbt_vol                            
     0000D95B  gbt_instr                          
     0000D95F  gbt_freq                           
     0000D965  __current_ch3_wave                 
     0000D965  __gbt_channel3_loaded_instrument   
     0000D965  gbt_channel3_loaded_instrument     
     0000D966  gbt_arpeggio_freq_index            
     0000D96F  gbt_arpeggio_enabled               
     0000D972  gbt_arpeggio_tick                  
     0000D975  gbt_sweep                          
     0000D978  gbt_cut_note_tick                  
     0000D97C  gbt_have_to_stop_next_step         
     0000D97D  gbt_update_pattern_pointers        
     0000D97E  .randhi                            
     0000D97F  .randlo                            
     0000D980  ___call_banked_addr                far_ptr
     0000D980  ___call_banked_ptr                 far_ptr
     0000D982  ___call_banked_bank                far_ptr
     0000D984  .int_0x48                          
     0000D994  ___current_metasprite              Metasprites
     0000D996  ___current_base_tile               Metasprites

ASxxxx Linker V03.00 + NoICE + sdld,  page 40.
Hexadecimal  [32-Bits]

Area                                    Addr        Size        Decimal Bytes (Attributes)
--------------------------------        ----        ----        ------- ----- ------------
_INITIALIZED                        0000D997    0000000E =          14. bytes (REL,CON)

      Value  Global                              Global Defined In Module
      -----  --------------------------------   ------------------------
     0000D997  _fade_style                        fade_manager
     0000D998  _game_time                         game_time
     0000D999  _hide_sprites                      interrupts
     0000D99A  _ISR_counter                       music_manager
     0000D99B  _play_bank                         sample_player
     0000D99C  _play_sample                       sample_player
     0000D99E  _play_length                       sample_player
     0000D9A0  _triggers_len                      trigger
     0000D9A1  _exchange_state                    vm_sio
     0000D9A2  _last_hit_trigger                  pointnclick
     0000D9A3  _shooter_scroll_speed              shmup
     0000D9A4  ___render_shadow_OAM               Metasprites
ASxxxx Linker V03.00 + NoICE + sdld,  page 41.
Hexadecimal  [32-Bits]

Area                                    Addr        Size        Decimal Bytes (Attributes)
--------------------------------        ----        ----        ------- ----- ------------
_HRAM12                             00000000    00000003 =           3. bytes (ABS,CON)

      Value  Global                              Global Defined In Module
      -----  --------------------------------   ------------------------
     0000FF90  __current_bank                     Runtime
     0000FF92  __shadow_OAM_base                  Runtime

ASxxxx Linker V03.00 + NoICE + sdld,  page 42.
Hexadecimal  [32-Bits]

Area                                    Addr        Size        Decimal Bytes (Attributes)
--------------------------------        ----        ----        ------- ----- ------------
_CODE_1                             00014000    00002FA1 =       12193. bytes (REL,CON)

      Value  Global                              Global Defined In Module
      -----  --------------------------------   ------------------------
     00014000  _actors_init                       actor
     00014034  _emote_offsets                     actor
     00014043  _emote_metasprite                  actor
     0001404F  _player_init                       actor
     00014062  _deactivate_actor                  actor
     00014164  _activate_actor                    actor
     00014291  _activate_actors_in_row            actor
     00014388  _activate_actors_in_col            actor
     000144D9  _actor_set_frames                  actor
     0001452D  _actor_set_frame_offset            actor
     0001456A  _actor_get_frame_offset            actor
     0001457D  _actor_set_anim_idle               actor
     000145AB  _actor_set_anim_moving             actor
     000145DC  _actor_set_dir                     actor
     00014641  _actor_at_tile                     actor
     00014715  _actor_in_front_of_player          actor
     000147FB  _actor_overlapping_player          actor
     00014AAB  _actor_overlapping_bb              actor
     00014CCA  _actors_handle_player_collision    actor
     00014D55  _check_collision_in_direction      actor
     00015494  _camera_init                       camera
     000154B2  _camera_reset                      camera
     000154C2  _remove_LCD_ISRs                   interrupts
     000154E3  _parallax_init                     parallax
     00015507  _scroll_init                       scroll
     00015531  _scroll_reset                      scroll
     00015551  _scroll_update                     scroll
     00015668  _scroll_viewport                   scroll
     00015AFC  _scroll_repaint                    scroll
     00015B38  _scroll_render_rows                scroll
     00015BC0  _scroll_queue_row                  scroll
     00015BE5  _scroll_queue_col                  scroll
     00015C31  _ui_swap_tiles                     
     00015C7B  _ui_print_make_mask_lr             
     00015C97  _ui_print_make_mask_rl             
     00015CB3  _ui_init                           ui
     00015D6C  _ui_load_tiles                     ui
     00015DC3  _ui_draw_frame                     ui
     00015E32  _ui_print_reset                    ui
     00015E66  _ui_print_render                   ui
     0001605A  _ui_draw_text_buffer_char          ui
     000164A4  _ui_run_menu                       ui
     000166C4  _ui_run_modal                      ui
     000168CA  gbt_channel_1_handle               
     00016AA4  gbt_channel_2_handle               
     00016C76  gbt_channel_3_handle               
     00016E4F  gbt_channel_4_handle               
     00016F68  gbt_update_bank1                   
     00016F84  gbt_update_effects_bank1           

ASxxxx Linker V03.00 + NoICE + sdld,  page 43.
Hexadecimal  [32-Bits]

Area                                    Addr        Size        Decimal Bytes (Attributes)
--------------------------------        ----        ----        ------- ----- ------------
_CODE_8                             00084000    00000369 =         873. bytes (REL,CON)

      Value  Global                              Global Defined In Module
      -----  --------------------------------   ------------------------
     00084000  _bootstrap_script                  
     0008400B  ___func_background_0               background_0
     0008400B  _background_0                      background_0
     00084019  ___func_background_1               background_1
     00084019  _background_1                      background_1
     00084027  ___func_background_2               background_2
     00084027  _background_2                      background_2
     00084035  ___func_background_3               background_3
     00084035  _background_3                      background_3
     00084043  ___func_background_4               background_4
     00084043  _background_4                      background_4
     00084051  ___func_scene_1_sprites            scene_1_sprites
     00084051  _scene_1_sprites                   scene_1_sprites
     0008405A  ___func_scene_1_triggers           scene_1_triggers
     0008405A  _scene_1_triggers                  scene_1_triggers
     00084082  ___func_scene_1                    scene_1
     00084082  _scene_1                           scene_1
     000840BC  ___func_scene_2_triggers           scene_2_triggers
     000840BC  _scene_2_triggers                  scene_2_triggers
     000840CC  ___func_scene_2                    scene_2
     000840CC  _scene_2                           scene_2
     00084106  ___func_scene_3                    scene_3
     00084106  _scene_3                           scene_3
     00084140  ___func_scene_4                    scene_4
     00084140  _scene_4                           scene_4
     0008417A  ___func_scene_5_actors             scene_5_actors
     0008417A  _scene_5_actors                    scene_5_actors
     000841AF  ___func_scene_5_sprites            scene_5_sprites
     000841AF  _scene_5_sprites                   scene_5_sprites
     000841B2  ___func_scene_5                    scene_5
     000841B2  _scene_5                           scene_5
     000841EC  _script_s1t1_interact              
     0008421B  _script_s1t2_interact              
     00084250  _script_s2_init                    
     00084263  _script_s2a1_interact              
     0008428A  _script_s2t0_interact              
     000842C0  _script_s2t1_interact              
     000842EA  ___func_spritesheet_5              spritesheet_5
     000842EA  _spritesheet_5_metasprite_0        spritesheet_5
     000842F6  _spritesheet_5_metasprites         spritesheet_5
     000842F8  _spritesheet_5_animations          spritesheet_5
     00084308  _spritesheet_5_animations_lookup   spritesheet_5
     0008430A  _spritesheet_5                     spritesheet_5
     0008431D  ___func_spritesheet_6              spritesheet_6
     0008431D  _spritesheet_6_metasprite_0        spritesheet_6
     00084329  _spritesheet_6_metasprites         spritesheet_6
     0008432B  _spritesheet_6_animations          spritesheet_6
     0008433B  _spritesheet_6_animations_lookup   spritesheet_6
     0008433D  _spritesheet_6                     spritesheet_6
     00084350  _spritesheet_none_metasprite       spritesheet_none
ASxxxx Linker V03.00 + NoICE + sdld,  page 44.
Hexadecimal  [32-Bits]

Area                                    Addr        Size        Decimal Bytes (Attributes)
--------------------------------        ----        ----        ------- ----- ------------
_CODE_8                             00084000    00000369 =         873. bytes (REL,CON)

      Value  Global                              Global Defined In Module
      -----  --------------------------------   ------------------------
     00084354  _spritesheet_none_metasprites      spritesheet_none
     00084356  _spritesheet_none                  spritesheet_none

ASxxxx Linker V03.00 + NoICE + sdld,  page 45.
Hexadecimal  [32-Bits]

Area                                    Addr        Size        Decimal Bytes (Attributes)
--------------------------------        ----        ----        ------- ----- ------------
_CODE_4                             00044000    00002385 =        9093. bytes (REL,CON)

      Value  Global                              Global Defined In Module
      -----  --------------------------------   ------------------------
     00044000  _core_reset                        core
     00044075  _process_VM                        core
     0004431C  _core_run                          core
     000443CB  _load_init                         data_manager
     000443DE  _spritesheet_none_far              data_manager
     000443E1  _load_bkg_tileset                  data_manager
     000444E5  _load_background                   data_manager
     000445A4  _load_sprite                       data_manager
     000445F8  _load_bounds                       data_manager
     00044618  _do_load_palette                   data_manager
     00044698  _get_farptr_index                  data_manager
     0004472E  _load_scene                        data_manager
     0004505F  _load_player                       data_manager
     000450AB  _load_emote                        data_manager
     000450BF  _events_init                       events
     000450FF  _timers_init                       events
     0004513F  _DMGFadeToWhiteStep                fade_manager
     00045162  _DMGFadeToBlackStep                fade_manager
     00045187  _ApplyPaletteChangeDMG             fade_manager
     000451FE  _fade_speeds                       fade_manager
     00045205  _fade_init                         fade_manager
     0004521E  _fade_in                           fade_manager
     0004523F  _fade_out                          fade_manager
     00045263  _fade_update                       fade_manager
     000452AD  _fade_applypalettechange           fade_manager
     000452B7  _fade_setspeed                     fade_manager
     000452C7  _fade_in_modal                     fade_manager
     000452E7  _fade_out_modal                    fade_manager
     00045373  _save_sram_banks                   
     000453FE  _erase_flash                       
     00045419  _restore_sram_bank                 flasher
     00045448  _restore_sram                      flasher
     0004545E  _save_sram                         flasher
     00045471  _input_init                        input
     0004548D  _data_init                         load_save
     000454CE  _signature                         load_save
     000454D2  _save_points                       load_save
     00045516  _data_slot_address                 load_save
     0004556E  _data_save                         load_save
     00045625  _data_load                         load_save
     000456F8  _data_clear                        load_save
     0004571D  _data_peek                         load_save
     000457BB  _sound_init                        music_manager
     000457DD  _music_init                        music_manager
     00045819  _music_events_poll                 music_manager
     00045843  _music_stop                        music_manager
     00045859  _wave_play                         music_manager
     00045897  _FX_REG_SIZES                      music_manager
[...]
     000768ED  ___func_tileset_1                  tileset_1
     000768ED  _tileset_1                         tileset_1
     0007733F  ___func_tileset_10                 tileset_10
     0007733F  _tileset_10                        tileset_10
     00077381  ___func_tileset_11                 tileset_11
     00077381  _tileset_11                        tileset_11
     000773C3  ___func_tileset_12                 tileset_12
     000773C3  _tileset_12                        tileset_12
     00077445  ___func_tileset_4                  tileset_4
     00077445  _tileset_4                         tileset_4
     00077D97  ___func_tileset_6                  tileset_6
     00077D97  _tileset_6                         tileset_6
     00077E19  ___func_tileset_7                  tileset_7
     00077E19  _tileset_7                         tileset_7
     00077EDB  ___func_tileset_8                  tileset_8
     00077EDB  _tileset_8                         tileset_8
     00077F5D  ___func_tileset_9                  tileset_9
     00077F5D  _tileset_9                         tileset_9
ASxxxx Linker V03.00 + NoICE + sdld,  page 55.
Hexadecimal  [32-Bits]

Area                                    Addr        Size        Decimal Bytes (Attributes)
--------------------------------        ----        ----        ------- ----- ------------
_CODE_5                             00054000    00003FFF =       16383. bytes (REL,CON)

      Value  Global                              Global Defined In Module
      -----  --------------------------------   ------------------------
     00054000  ___func_font_0                     font_0
     00054DB0  _font_0                            font_0
     00054DB8  ___func_music_track_1__Data        music_track_1__Data
     00054DB8  _music_track_1_0                   music_track_1__Data
     00054EBA  _music_track_1_1                   music_track_1__Data
     0005501A  _music_track_1_2                   music_track_1__Data
     00055175  _music_track_1_3                   music_track_1__Data
     000552D2  _music_track_1_4                   music_track_1__Data
     00055449  _music_track_1_5                   music_track_1__Data
     000555C1  _music_track_1_6                   music_track_1__Data
     00055735  _music_track_1_7                   music_track_1__Data
     000558A8  _music_track_1_8                   music_track_1__Data
     00055A2D  _music_track_1_9                   music_track_1__Data
     00055BB3  _music_track_1_10                  music_track_1__Data
     00055D10  _music_track_1_11                  music_track_1__Data
     00055EAD  _music_track_1__Data               music_track_1__Data
     00055ED7  ___func_music_track_3__Data        music_track_3__Data
     00055ED7  _music_track_3_0                   music_track_3__Data
     0005604A  _music_track_3_1                   music_track_3__Data
     000561B4  _music_track_3_2                   music_track_3__Data
     0005633F  _music_track_3_3                   music_track_3__Data
     000564C6  _music_track_3_4                   music_track_3__Data
     00056632  _music_track_3_5                   music_track_3__Data
     00056787  _music_track_3_6                   music_track_3__Data
     000568EE  _music_track_3_7                   music_track_3__Data
     00056A52  _music_track_3_8                   music_track_3__Data
     00056BBF  _music_track_3__Data               music_track_3__Data
     00056BD7  ___func_scene_1_collisions         scene_1_collisions
     00056BD7  _scene_1_collisions                scene_1_collisions
     00057817  ___func_scene_2_sprites            scene_2_sprites
     00057817  _scene_2_sprites                   scene_2_sprites
     00057823  _script_s1a1_interact              
     000578FD  ___func_tileset_2                  tileset_2
     000578FD  _tileset_2                         tileset_2

ASxxxx Linker V03.00 + NoICE + sdld,  page 56.
Hexadecimal  [32-Bits]

Area                                    Addr        Size        Decimal Bytes (Attributes)
--------------------------------        ----        ----        ------- ----- ------------
_CODE_6                             00064000    00003FFE =       16382. bytes (REL,CON)

      Value  Global                              Global Defined In Module
      -----  --------------------------------   ------------------------
     00064000  ___func_music_track_2__Data        music_track_2__Data
     00064000  _music_track_2_0                   music_track_2__Data
     00064128  _music_track_2_1                   music_track_2__Data
     0006425E  _music_track_2_2                   music_track_2__Data
     000643A7  _music_track_2_3                   music_track_2__Data
     000644D6  _music_track_2_4                   music_track_2__Data
     000645D6  _music_track_2_5                   music_track_2__Data
     00064725  _music_track_2_6                   music_track_2__Data
     00064838  _music_track_2_7                   music_track_2__Data
     00064970  _music_track_2_8                   music_track_2__Data
     00064A8F  _music_track_2_9                   music_track_2__Data
     00064BE4  _music_track_2__Data               music_track_2__Data
     00064BF8  ___func_palette_0                  palette_0
     00064BF8  _palette_0                         palette_0
     00064BFB  ___func_palette_1                  palette_1
     00064BFB  _palette_1                         palette_1
     00064BFE  ___func_scene_0_collisions         scene_0_collisions
     00064BFE  _scene_0_collisions                scene_0_collisions
     00064D66  ___func_scene_1_actors             scene_1_actors
     00064D66  _scene_1_actors                    scene_1_actors
     00064E3A  ___func_scene_2_collisions         scene_2_collisions
     00064E3A  _scene_2_collisions                scene_2_collisions
     00065A7A  ___func_tilemap_1                  tilemap_1
     00065A7A  _tilemap_1                         tilemap_1
     000666BA  ___func_tilemap_3                  tilemap_3
     000666BA  _tilemap_3                         tilemap_3
     000672FA  ___func_tileset_3                  tileset_3
     000672FA  _tileset_3                         tileset_3
     00067E7C  ___func_tileset_5                  tileset_5
     00067E7C  _tileset_5                         tileset_5
ASxxxx Linker V03.00 + NoICE + sdld,  page 57.
Hexadecimal  [32-Bits]

Area                                    Addr        Size        Decimal Bytes (Attributes)
--------------------------------        ----        ----        ------- ----- ------------
_CODE_3                             00034000    00002B73 =       11123. bytes (REL,CON)

      Value  Global                              Global Defined In Module
      -----  --------------------------------   ------------------------
     00034000  _adventure_init                    adventure
     00034015  _adventure_update                  adventure
     00034798  _logo_init                         logo
     000347A8  _logo_update                       logo
     000347A9  _platform_init                     platform
     0003495E  _platform_update                   platform
     000359A2  _pointnclick_init                  pointnclick
     000359DB  _pointnclick_update                pointnclick
     00035D09  _shmup_init                        shmup
     00035DA5  _shmup_update                      shmup
     0003644D  _topdown_init                      topdown
     000364E4  _topdown_update                    topdown
ASxxxx Linker V03.00 + NoICE + sdld,  page 58.
Hexadecimal  [32-Bits]

Area                                    Addr        Size        Decimal Bytes (Attributes)
--------------------------------        ----        ----        ------- ----- ------------
_HEADER_LCD0                        00000000    00000003 =           3. bytes (ABS,CON)

      Value  Global                              Global Defined In Module
      -----  --------------------------------   ------------------------
ASxxxx Linker V03.00 + NoICE + sdld,  page 59.

Files Linked                              [ module(s) ]

/tmp/_gbstools/gbdk/lib/small/asxxxx/gb/crt0.o
                                          [ Runtime ]
/tmp/_gbsbuild/obj/absolute.rel           [ absolute ]
/tmp/_gbsbuild/obj/actor.rel              [ actor ]
/tmp/_gbsbuild/obj/bankdata.rel           [ bankdata ]
/tmp/_gbsbuild/obj/bootstrap.rel          [  ]
/tmp/_gbsbuild/obj/camera.rel             [ camera ]
/tmp/_gbsbuild/obj/core.rel               [ core ]
/tmp/_gbsbuild/obj/data_manager.rel       [ data_manager ]
/tmp/_gbsbuild/obj/events.rel             [ events ]
/tmp/_gbsbuild/obj/fade_manager.rel       [ fade_manager ]
/tmp/_gbsbuild/obj/flasher_s.rel          [  ]
/tmp/_gbsbuild/obj/flasher.rel            [ flasher ]
/tmp/_gbsbuild/obj/game_time.rel          [ game_time ]
/tmp/_gbsbuild/obj/input.rel              [ input ]
/tmp/_gbsbuild/obj/interrupt_sio.rel      [  ]
/tmp/_gbsbuild/obj/interrupt_timer.rel    [  ]
/tmp/_gbsbuild/obj/interrupts.rel         [ interrupts ]
/tmp/_gbsbuild/obj/load_save.rel          [ load_save ]
/tmp/_gbsbuild/obj/math.rel               [ math ]
/tmp/_gbsbuild/obj/music_manager.rel      [ music_manager ]
/tmp/_gbsbuild/obj/oam_utils.rel          [ OAM_utils ]
/tmp/_gbsbuild/obj/palette.rel            [ palette ]
/tmp/_gbsbuild/obj/parallax.rel           [ parallax ]
/tmp/_gbsbuild/obj/projectiles.rel        [ projectiles ]
/tmp/_gbsbuild/obj/sample_player.rel      [ sample_player ]
/tmp/_gbsbuild/obj/scroll_a.rel           [  ]
/tmp/_gbsbuild/obj/scroll.rel             [ scroll ]
/tmp/_gbsbuild/obj/set_tile_submap.rel    [  ]
/tmp/_gbsbuild/obj/sgb_border.rel         [ sgb_border ]
/tmp/_gbsbuild/obj/sio.rel                [ sio ]
/tmp/_gbsbuild/obj/states_caller.rel      [  ]
/tmp/_gbsbuild/obj/system.rel             [ system ]
/tmp/_gbsbuild/obj/trigger.rel            [ trigger ]
/tmp/_gbsbuild/obj/ui_a.rel               [  ]
/tmp/_gbsbuild/obj/ui.rel                 [ ui ]
/tmp/_gbsbuild/obj/vm_actor.rel           [ vm_actor ]
/tmp/_gbsbuild/obj/vm_camera.rel          [ vm_camera ]
/tmp/_gbsbuild/obj/vm_gameboy.rel         [ vm_gameboy ]
/tmp/_gbsbuild/obj/vm_instructions.rel    [ vm_instructions ]
/tmp/_gbsbuild/obj/vm_load_save.rel       [ vm_load_save ]
/tmp/_gbsbuild/obj/vm_math.rel            [ vm_math ]
/tmp/_gbsbuild/obj/vm_music.rel           [ vm_music ]
/tmp/_gbsbuild/obj/vm_palette.rel         [ vm_palette ]
/tmp/_gbsbuild/obj/vm_projectiles.rel     [ vm_projectiles ]
/tmp/_gbsbuild/obj/vm_rtc.rel             [ vm_rtc ]
/tmp/_gbsbuild/obj/vm_scene.rel           [ vm_scene ]
/tmp/_gbsbuild/obj/vm_sgb.rel             [ vm_sgb ]
/tmp/_gbsbuild/obj/vm_sio.rel             [ vm_sio ]
/tmp/_gbsbuild/obj/vm_ui_a.rel            [ vm_ui_a ]
/tmp/_gbsbuild/obj/vm_ui.rel              [ vm_ui ]
/tmp/_gbsbuild/obj/vm.rel                 [ vm ]
/tmp/_gbsbuild/obj/avatar_font_0.rel      [ avatar_font_0 ]
/tmp/_gbsbuild/obj/background_0.rel       [ background_0 ]
/tmp/_gbsbuild/obj/background_1.rel       [ background_1 ]
/tmp/_gbsbuild/obj/background_2.rel       [ background_2 ]
/tmp/_gbsbuild/obj/background_3.rel       [ background_3 ]
/tmp/_gbsbuild/obj/background_4.rel       [ background_4 ]
/tmp/_gbsbuild/obj/cursor_image.rel       [ cursor_image ]
/tmp/_gbsbuild/obj/emote_0.rel            [ emote_0 ]
/tmp/_gbsbuild/obj/emote_1.rel            [ emote_1 ]
/tmp/_gbsbuild/obj/font_0.rel             [ font_0 ]
/tmp/_gbsbuild/obj/frame_image.rel        [ frame_image ]
/tmp/_gbsbuild/obj/music_track_0__Data.rel
                                          [ music_track_0__Data ]
/tmp/_gbsbuild/obj/music_track_1__Data.rel
                                          [ music_track_1__Data ]
/tmp/_gbsbuild/obj/music_track_2__Data.rel
                                          [ music_track_2__Data ]
/tmp/_gbsbuild/obj/music_track_3__Data.rel
                                          [ music_track_3__Data ]
/tmp/_gbsbuild/obj/palette_0.rel          [ palette_0 ]
/tmp/_gbsbuild/obj/palette_1.rel          [ palette_1 ]
/tmp/_gbsbuild/obj/scene_0_collisions.rel
                                          [ scene_0_collisions ]
/tmp/_gbsbuild/obj/scene_0.rel            [ scene_0 ]
/tmp/_gbsbuild/obj/scene_1_actors.rel     [ scene_1_actors ]
/tmp/_gbsbuild/obj/scene_1_collisions.rel
                                          [ scene_1_collisions ]
/tmp/_gbsbuild/obj/scene_1_sprites.rel    [ scene_1_sprites ]
/tmp/_gbsbuild/obj/scene_1_triggers.rel   [ scene_1_triggers ]
/tmp/_gbsbuild/obj/scene_1.rel            [ scene_1 ]
/tmp/_gbsbuild/obj/scene_2_actors.rel     [ scene_2_actors ]
/tmp/_gbsbuild/obj/scene_2_collisions.rel
                                          [ scene_2_collisions ]
/tmp/_gbsbuild/obj/scene_2_sprites.rel    [ scene_2_sprites ]
/tmp/_gbsbuild/obj/scene_2_triggers.rel   [ scene_2_triggers ]
/tmp/_gbsbuild/obj/scene_2.rel            [ scene_2 ]
/tmp/_gbsbuild/obj/scene_3_collisions.rel
                                          [ scene_3_collisions ]
/tmp/_gbsbuild/obj/scene_3.rel            [ scene_3 ]
/tmp/_gbsbuild/obj/scene_4_collisions.rel
                                          [ scene_4_collisions ]
/tmp/_gbsbuild/obj/scene_4.rel            [ scene_4 ]
/tmp/_gbsbuild/obj/scene_5_actors.rel     [ scene_5_actors ]
/tmp/_gbsbuild/obj/scene_5_collisions.rel
                                          [ scene_5_collisions ]
/tmp/_gbsbuild/obj/scene_5_sprites.rel    [ scene_5_sprites ]
/tmp/_gbsbuild/obj/scene_5.rel            [ scene_5 ]
/tmp/_gbsbuild/obj/script_engine_init.rel
                                          [  ]
/tmp/_gbsbuild/obj/script_s0_init.rel     [  ]
/tmp/_gbsbuild/obj/script_s1_init.rel     [  ]
/tmp/_gbsbuild/obj/script_s1a0_interact.rel
                                          [  ]
/tmp/_gbsbuild/obj/script_s1a1_interact.rel
                                          [  ]
/tmp/_gbsbuild/obj/script_s1t0_interact.rel
                                          [  ]
/tmp/_gbsbuild/obj/script_s1t1_interact.rel
                                          [  ]
/tmp/_gbsbuild/obj/script_s1t2_interact.rel
                                          [  ]
/tmp/_gbsbuild/obj/script_s1t3_interact.rel
                                          [  ]
/tmp/_gbsbuild/obj/script_s1t4_interact.rel
                                          [  ]
/tmp/_gbsbuild/obj/script_s2_init.rel     [  ]
/tmp/_gbsbuild/obj/script_s2a0_interact.rel
                                          [  ]
/tmp/_gbsbuild/obj/script_s2a1_interact.rel
                                          [  ]
/tmp/_gbsbuild/obj/script_s2a2_interact.rel
                                          [  ]
/tmp/_gbsbuild/obj/script_s2a3_interact.rel
                                          [  ]
/tmp/_gbsbuild/obj/script_s2t0_interact.rel
                                          [  ]
/tmp/_gbsbuild/obj/script_s2t1_interact.rel
                                          [  ]
/tmp/_gbsbuild/obj/script_s3_init.rel     [  ]
/tmp/_gbsbuild/obj/script_s4_init.rel     [  ]
/tmp/_gbsbuild/obj/script_s5_init.rel     [  ]
/tmp/_gbsbuild/obj/spritesheet_0.rel      [ spritesheet_0 ]
/tmp/_gbsbuild/obj/spritesheet_1.rel      [ spritesheet_1 ]
/tmp/_gbsbuild/obj/spritesheet_2.rel      [ spritesheet_2 ]
/tmp/_gbsbuild/obj/spritesheet_3.rel      [ spritesheet_3 ]
/tmp/_gbsbuild/obj/spritesheet_4.rel      [ spritesheet_4 ]
/tmp/_gbsbuild/obj/spritesheet_5.rel      [ spritesheet_5 ]
/tmp/_gbsbuild/obj/spritesheet_6.rel      [ spritesheet_6 ]
/tmp/_gbsbuild/obj/spritesheet_7.rel      [ spritesheet_7 ]
/tmp/_gbsbuild/obj/spritesheet_none.rel   [ spritesheet_none ]
/tmp/_gbsbuild/obj/tilemap_0.rel          [ tilemap_0 ]
/tmp/_gbsbuild/obj/tilemap_1.rel          [ tilemap_1 ]
/tmp/_gbsbuild/obj/tilemap_2.rel          [ tilemap_2 ]
/tmp/_gbsbuild/obj/tilemap_3.rel          [ tilemap_3 ]
/tmp/_gbsbuild/obj/tilemap_4.rel          [ tilemap_4 ]
/tmp/_gbsbuild/obj/tileset_0.rel          [ tileset_0 ]
/tmp/_gbsbuild/obj/tileset_1.rel          [ tileset_1 ]
/tmp/_gbsbuild/obj/tileset_10.rel         [ tileset_10 ]
/tmp/_gbsbuild/obj/tileset_11.rel         [ tileset_11 ]
/tmp/_gbsbuild/obj/tileset_12.rel         [ tileset_12 ]
/tmp/_gbsbuild/obj/tileset_2.rel          [ tileset_2 ]
/tmp/_gbsbuild/obj/tileset_3.rel          [ tileset_3 ]
/tmp/_gbsbuild/obj/tileset_4.rel          [ tileset_4 ]
/tmp/_gbsbuild/obj/tileset_5.rel          [ tileset_5 ]
/tmp/_gbsbuild/obj/tileset_6.rel          [ tileset_6 ]
/tmp/_gbsbuild/obj/tileset_7.rel          [ tileset_7 ]
/tmp/_gbsbuild/obj/tileset_8.rel          [ tileset_8 ]
/tmp/_gbsbuild/obj/tileset_9.rel          [ tileset_9 ]
/tmp/_gbsbuild/obj/main.rel               [ main ]
/tmp/_gbsbuild/obj/adventure.rel          [ adventure ]
/tmp/_gbsbuild/obj/logo.rel               [ logo ]
/tmp/_gbsbuild/obj/platform.rel           [ platform ]
/tmp/_gbsbuild/obj/pointnclick.rel        [ pointnclick ]
/tmp/_gbsbuild/obj/shmup.rel              [ shmup ]
/tmp/_gbsbuild/obj/states_ptrs.rel        [  ]
/tmp/_gbsbuild/obj/topdown.rel            [ topdown ]


Libraries Linked                          [ object file ]

/tmp/_gbstools/gbdk/lib/small/asxxxx/gb/gb.lib
                                          [ fill_rect_wi.o ]
lib/gbt_player.lib                        [ gbt_player.o ]
/tmp/_gbstools/gbdk/lib/small/asxxxx/gb/gb.lib
                                          [ sfr.o ]
/tmp/_gbstools/gbdk/lib/small/asxxxx/gbz80/gbz80.lib
                                          [ rand.o ]
lib/gbt_player.lib                        [ gbt_player_bank1.o ]
/tmp/_gbstools/gbdk/lib/small/asxxxx/gbz80/gbz80.lib
                                          [ mul.o ]
/tmp/_gbstools/gbdk/lib/small/asxxxx/gbz80/gbz80.lib
                                          [ abs.o ]
/tmp/_gbstools/gbdk/lib/small/asxxxx/gb/gb.lib
                                          [ set_wi_t.o ]
/tmp/_gbstools/gbdk/lib/small/asxxxx/gb/gb.lib
                                          [ set_data.o ]
/tmp/_gbstools/gbdk/lib/small/asxxxx/gbz80/gbz80.lib
                                          [ reverse.o ]
/tmp/_gbstools/gbdk/lib/small/asxxxx/gb/gb.lib
                                          [ far_ptr.o ]
/tmp/_gbstools/gbdk/lib/small/asxxxx/gb/gb.lib
                                          [ sgb.o ]
/tmp/_gbstools/gbdk/lib/small/asxxxx/gb/gb.lib
                                          [ lcd.o ]
/tmp/_gbstools/gbdk/lib/small/asxxxx/gb/gb.lib
                                          [ fill_rect.o ]
/tmp/_gbstools/gbdk/lib/small/asxxxx/gb/gb.lib
                                          [ cpy_data.o ]
/tmp/_gbstools/gbdk/lib/small/asxxxx/gb/gb.lib
                                          [ fill_rect_bk.o ]
/tmp/_gbstools/gbdk/lib/small/asxxxx/gb/gb.lib
                                          [ pad.o ]
/tmp/_gbstools/gbdk/lib/small/asxxxx/gb/gb.lib
                                          [ metasprites.o ]
/tmp/_gbstools/gbdk/lib/small/asxxxx/gbz80/gbz80.lib
                                          [ __sdcc_call_hl.o ]
/tmp/_gbstools/gbdk/lib/small/asxxxx/gbz80/gbz80.lib
                                          [ _memcpy.o ]
/tmp/_gbstools/gbdk/lib/small/asxxxx/gbz80/gbz80.lib
                                          [ _memset.o ]
/tmp/_gbstools/gbdk/lib/small/asxxxx/gb/gb.lib
                                          [ ___sdcc_bcall_ehl.o ]
/tmp/_gbstools/gbdk/lib/small/asxxxx/gbz80/gbz80.lib
                                          [ div.o ]
/tmp/_gbstools/gbdk/lib/small/asxxxx/gb/gb.lib
                                          [ set_bk_t.o ]
/tmp/_gbstools/gbdk/lib/small/asxxxx/gb/gb.lib
                                          [ set_xy_t.o ]

ASxxxx Linker V03.00 + NoICE + sdld,  page 60.

User Base Address Definitions

_DATA=0xC0A0
_CODE=0x0200
ASxxxx Linker V03.00 + NoICE + sdld,  page 61.

User Global Definitions

.STACK=0xDF00
_shadow_OAM=0xC000
.refresh_OAM=0xFF80
__start_save=12

